// Jest Snapshot v1, https://goo.gl/fbAQLP

exports[`pruebas en <HomeScreen /> debe de mostrarse correctamente 1`] = `
<div>
  <h1>
    HomeScreen
  </h1>
  <hr />
  <pre>
    {
   "name": "Carlos",
   "email": "carlos.diaz@gmail.com"
}
  </pre>
</div>
`;
